// Jest Snapshot v1, https://goo.gl/fbAQLP

exports[`loadConfig website with incomplete siteConfig 1`] = `
"\\"favicon\\" is required
\\"url\\" is required
"
`;

exports[`loadConfig website with no siteConfig 1`] = `"docusaurus.config.js not found at packages/docusaurus/src/server/__tests__/__fixtures__/nonExisting/docusaurus.config.js"`;

exports[`loadConfig website with useless field (wrong field) in siteConfig 1`] = `
"\\"favicon\\" is required
These field(s) [\\"useLessField\\",] are not recognized in docusaurus.config.js.
If you still want these fields to be in your configuration, put them in the 'customFields' attribute.
See https://v2.docusaurus.io/docs/docusaurus.config.js/#customfields"
`;

exports[`loadConfig website with valid siteConfig 1`] = `
Object {
  "baseUrl": "/",
  "customFields": Object {},
  "favicon": "img/docusaurus.ico",
  "noIndex": false,
  "onBrokenLinks": "throw",
  "onBrokenMarkdownLinks": "warn",
  "onDuplicateRoutes": "warn",
  "organizationName": "endiliey",
  "plugins": Array [
    Array [
      "@docusaurus/plugin-content-docs",
      Object {
        "path": "../docs",
      },
    ],
    "@docusaurus/plugin-content-pages",
  ],
  "presets": Array [],
  "projectName": "hello",
  "tagline": "Hello World",
  "themeConfig": Object {},
  "themes": Array [],
  "title": "Hello",
  "titleDelimiter": "|",
  "url": "https://docusaurus.io",
}
`;
