// Jest Snapshot v1, https://goo.gl/fbAQLP

exports[`loadRoutes flat route config 1`] = `
Object {
  "registry": Object {
    "component---theme-blog-list-pagea-6-a-7ba": Object {
      "loader": "() => import(/* webpackChunkName: 'component---theme-blog-list-pagea-6-a-7ba' */ \\"@theme/BlogListPage\\")",
      "modulePath": "@theme/BlogListPage",
    },
    "content---blog-0-b-4-09e": Object {
      "loader": "() => import(/* webpackChunkName: 'content---blog-0-b-4-09e' */ \\"blog/2018-12-14-Happy-First-Birthday-Slash.md?truncated=true\\")",
      "modulePath": "blog/2018-12-14-Happy-First-Birthday-Slash.md?truncated=true",
    },
    "content---blog-7-b-8-fd9": Object {
      "loader": "() => import(/* webpackChunkName: 'content---blog-7-b-8-fd9' */ \\"blog/2018-12-14-Happy-First-Birthday-Slash.md\\")",
      "modulePath": "blog/2018-12-14-Happy-First-Birthday-Slash.md",
    },
    "metadata---blog-0-b-6-74c": Object {
      "loader": "() => import(/* webpackChunkName: 'metadata---blog-0-b-6-74c' */ \\"blog-2018-12-14-happy-first-birthday-slash-d2c.json\\")",
      "modulePath": "blog-2018-12-14-happy-first-birthday-slash-d2c.json",
    },
  },
  "routesChunkNames": Object {
    "/blog-94e": Object {
      "component": "component---theme-blog-list-pagea-6-a-7ba",
      "items": Array [
        Object {
          "content": "content---blog-0-b-4-09e",
          "metadata": "metadata---blog-0-b-6-74c",
        },
        Object {
          "content": "content---blog-7-b-8-fd9",
          "metadata": null,
        },
      ],
    },
  },
  "routesConfig": "
import React from 'react';
import ComponentCreator from '@docusaurus/ComponentCreator';
export default [
{
  path: '/blog',
  component: ComponentCreator('/blog','94e'),
  exact: true,
},
{
  path: '*',
  component: ComponentCreator('*')
}
];
",
  "routesPaths": Array [
    "/404.html",
    "/blog",
  ],
}
`;

exports[`loadRoutes nested route config 1`] = `
Object {
  "registry": Object {
    "component---theme-doc-item-178-a40": Object {
      "loader": "() => import(/* webpackChunkName: 'component---theme-doc-item-178-a40' */ \\"@theme/DocItem\\")",
      "modulePath": "@theme/DocItem",
    },
    "component---theme-doc-page-1-be-9be": Object {
      "loader": "() => import(/* webpackChunkName: 'component---theme-doc-page-1-be-9be' */ \\"@theme/DocPage\\")",
      "modulePath": "@theme/DocPage",
    },
    "content---docs-foo-baz-8-ce-61e": Object {
      "loader": "() => import(/* webpackChunkName: 'content---docs-foo-baz-8-ce-61e' */ \\"docs/foo/baz.md\\")",
      "modulePath": "docs/foo/baz.md",
    },
    "content---docs-helloaff-811": Object {
      "loader": "() => import(/* webpackChunkName: 'content---docs-helloaff-811' */ \\"docs/hello.md\\")",
      "modulePath": "docs/hello.md",
    },
    "docsMetadata---docs-routef-34-881": Object {
      "loader": "() => import(/* webpackChunkName: 'docsMetadata---docs-routef-34-881' */ \\"docs-b5f.json\\")",
      "modulePath": "docs-b5f.json",
    },
    "metadata---docs-foo-baz-2-cf-fa7": Object {
      "loader": "() => import(/* webpackChunkName: 'metadata---docs-foo-baz-2-cf-fa7' */ \\"docs-foo-baz-dd9.json\\")",
      "modulePath": "docs-foo-baz-dd9.json",
    },
    "metadata---docs-hello-956-741": Object {
      "loader": "() => import(/* webpackChunkName: 'metadata---docs-hello-956-741' */ \\"docs-hello-da2.json\\")",
      "modulePath": "docs-hello-da2.json",
    },
  },
  "routesChunkNames": Object {
    "/docs/hello-f94": Object {
      "component": "component---theme-doc-item-178-a40",
      "content": "content---docs-helloaff-811",
      "metadata": "metadata---docs-hello-956-741",
    },
    "/docs:route-838": Object {
      "component": "component---theme-doc-page-1-be-9be",
      "docsMetadata": "docsMetadata---docs-routef-34-881",
    },
    "docs/foo/baz-f88": Object {
      "component": "component---theme-doc-item-178-a40",
      "content": "content---docs-foo-baz-8-ce-61e",
      "metadata": "metadata---docs-foo-baz-2-cf-fa7",
    },
  },
  "routesConfig": "
import React from 'react';
import ComponentCreator from '@docusaurus/ComponentCreator';
export default [
{
  path: '/docs:route',
  component: ComponentCreator('/docs:route','838'),
  
  routes: [
{
  path: '/docs/hello',
  component: ComponentCreator('/docs/hello','f94'),
  exact: true,
},
{
  path: 'docs/foo/baz',
  component: ComponentCreator('docs/foo/baz','f88'),
  
},
]
},
{
  path: '*',
  component: ComponentCreator('*')
}
];
",
  "routesPaths": Array [
    "/404.html",
    "/docs/hello",
    "docs/foo/baz",
  ],
}
`;

exports[`loadRoutes route config with empty (but valid) path string 1`] = `
Object {
  "registry": Object {
    "component---hello-world-jse-0-f-b6c": Object {
      "loader": "() => import(/* webpackChunkName: 'component---hello-world-jse-0-f-b6c' */ \\"hello/world.js\\")",
      "modulePath": "hello/world.js",
    },
  },
  "routesChunkNames": Object {
    "-b2a": Object {
      "component": "component---hello-world-jse-0-f-b6c",
    },
  },
  "routesConfig": "
import React from 'react';
import ComponentCreator from '@docusaurus/ComponentCreator';
export default [
{
  path: '',
  component: ComponentCreator('','b2a'),
  
},
{
  path: '*',
  component: ComponentCreator('*')
}
];
",
  "routesPaths": Array [
    "/404.html",
    "",
  ],
}
`;
